Traceback (most recent call last):
  File "/n/home04/yichenhuang/Planning_now/train.py", line 9, in <module>
    agent.train(cfg.max_num_iterations)
  File "/n/home04/yichenhuang/Planning_now/models/agent.py", line 343, in train
    self.update_policy(vf_shuf, actions_shuf, log_probs_shuf_t, adv_shuf)
  File "/n/home04/yichenhuang/Planning_now/models/agent.py", line 228, in update_policy
    log_probs_new, entropy = self.policy_net.get_log_prob_entropy(
  File "/n/home04/yichenhuang/Planning_now/models/policy_attention.py", line 140, in get_log_prob_entropy
    logits_flat = self.forward(village_embeddings)  # [B, L]
  File "/n/home04/yichenhuang/Planning_now/models/policy_attention.py", line 78, in forward
    attn_output, _ = self.global_summary_attention(h, h, h) # Q, K, V are all h
  File "/n/home04/yichenhuang/.conda/envs/ML/lib/python3.10/site-packages/torch/nn/modules/module.py", line 1736, in _wrapped_call_impl
    return self._call_impl(*args, **kwargs)
  File "/n/home04/yichenhuang/.conda/envs/ML/lib/python3.10/site-packages/torch/nn/modules/module.py", line 1747, in _call_impl
    return forward_call(*args, **kwargs)
  File "/n/home04/yichenhuang/.conda/envs/ML/lib/python3.10/site-packages/torch/nn/modules/activation.py", line 1368, in forward
    attn_output, attn_output_weights = F.multi_head_attention_forward(
  File "/n/home04/yichenhuang/.conda/envs/ML/lib/python3.10/site-packages/torch/nn/functional.py", line 5984, in multi_head_attention_forward
    return handle_torch_function(
  File "/n/home04/yichenhuang/.conda/envs/ML/lib/python3.10/site-packages/torch/overrides.py", line 1717, in handle_torch_function
    result = mode.__torch_function__(public_api, types, args, kwargs)
  File "/n/home04/yichenhuang/.conda/envs/ML/lib/python3.10/site-packages/torch/utils/_device.py", line 106, in __torch_function__
    return func(*args, **kwargs)
  File "/n/home04/yichenhuang/.conda/envs/ML/lib/python3.10/site-packages/torch/nn/functional.py", line 6241, in multi_head_attention_forward
    attn_output_weights = torch.bmm(q_scaled, k.transpose(-2, -1))
torch.OutOfMemoryError: CUDA out of memory. Tried to allocate 8.03 GiB. GPU 0 has a total capacity of 79.25 GiB of which 6.56 GiB is free. Including non-PyTorch memory, this process has 72.68 GiB memory in use. Of the allocated memory 71.03 GiB is allocated by PyTorch, and 1.16 GiB is reserved by PyTorch but unallocated. If reserved but unallocated memory is large try setting PYTORCH_CUDA_ALLOC_CONF=expandable_segments:True to avoid fragmentation.  See documentation for Memory Management  (https://pytorch.org/docs/stable/notes/cuda.html#environment-variables)
